../Core/Src/main.c:92:6:HAL_ADC_ConvHalfCpltCallback	16	static
../Core/Src/main.c:99:6:HAL_ADC_ConvCpltCallback	16	static
../Core/Src/main.c:106:6:HAL_TIM_Trigger_Callback	16	static
../Core/Src/main.c:114:6:HAL_TIM_PeriodElapsedCallback	16	static
../Core/Src/main.c:137:5:main	8	static
../Core/Src/main.c:186:6:SystemClock_Config	88	static
../Core/Src/main.c:234:13:MX_ADC1_Init	24	static
../Core/Src/main.c:286:13:MX_TIM1_Init	56	static
../Core/Src/main.c:345:13:MX_USART2_UART_Init	8	static
../Core/Src/main.c:378:13:MX_USART3_UART_Init	8	static
../Core/Src/main.c:409:13:MX_DMA_Init	16	static
../Core/Src/main.c:431:13:MX_GPIO_Init	48	static
../Core/Src/main.c:467:6:Error_Handler	4	static,ignoring_inline_asm
